Jan  2 22:59:39 archana-Latitude-5490 gnome-shell[2768]: [AppIndicatorSupport-DEBUG] Registering StatusNotifierItem :1.74/StatusNotifierItem
Jan  2 22:59:40 archana-Latitude-5490 gnome-shell[2768]: Received property WindowId with type u does not match expected type i in the expected interface
Jan  2 22:59:40 archana-Latitude-5490 gnome-shell[2768]: [AppIndicatorSupport-WARN] while calling AboutToShow: Gio.IOErrorEnum: GDBus.Error:org.freedesktop.dbus.errors.UnknownMethod: The method `com.canonical.dbusmenu.AboutToShow' does not exist on this object.
Jan  2 22:59:41 archana-Latitude-5490 org.gnome.Shell.desktop[2768]: [3397:3438:0102/225941.658082:ERROR:components/sync/engine/get_updates_processor.cc:270] PostClientToServerMessage() failed during GetUpdates with error Network error (ERR_INTERNET_DISCONNECTED)
Jan  2 22:59:43 archana-Latitude-5490 org.gnome.Shell.desktop[2768]: [3397:3438:0102/225943.181628:ERROR:components/sync/engine/get_updates_processor.cc:270] PostClientToServerMessage() failed during GetUpdates with error Network error (ERR_INTERNET_DISCONNECTED)
Jan  2 22:59:47 archana-Latitude-5490 gnome-shell[2768]: [AppIndicatorSupport-WARN] while calling AboutToShow: Gio.IOErrorEnum: GDBus.Error:org.freedesktop.dbus.errors.UnknownMethod: The method `com.canonical.dbusmenu.AboutToShow' does not exist on this object.
Jan  2 22:59:48 archana-Latitude-5490 org.gnome.Shell.desktop[2768]: [3397:3440:0102/225948.816924:ERROR:components/sync/engine/get_updates_processor.cc:270] PostClientToServerMessage() failed during GetUpdates with error Network error (ERR_INTERNET_DISCONNECTED)
Jan  2 22:59:51 archana-Latitude-5490 org.gnome.Shell.desktop[2768]: [3397:3440:0102/225951.041822:ERROR:components/sync/engine/get_updates_processor.cc:270] PostClientToServerMessage() failed during GetUpdates with error Network error (ERR_INTERNET_DISCONNECTED)
Jan  2 22:59:57 archana-Latitude-5490 org.gnome.Shell.desktop[2768]: [3397:3449:0102/225957.267452:ERROR:components/sync/engine/get_updates_processor.cc:270] PostClientToServerMessage() failed during GetUpdates with error Network error (ERR_INTERNET_DISCONNECTED)
Jan  2 23:00:04 archana-Latitude-5490 NetworkManager[923]: <info>  [1767375004.2036] policy: auto-activating connection 'Sandhya'
Jan  2 23:00:04 archana-Latitude-5490 NetworkManager[923]: <info>  [1767375004.2047] device (wlp2s0): Activation: starting connection 'Sandhya' (a2595dba-efef-4bfe-a479-44d75613d827)
Jan  2 23:00:04 archana-Latitude-5490 NetworkManager[923]: <info>  [1767375004.2049] device (wlp2s0): state change: disconnected -> prepare (reason 'none', sys-iface-state: 'managed')
Jan  2 23:00:04 archana-Latitude-5490 NetworkManager[923]: <info>  [1767375004.2051] manager: NetworkManager state is now CONNECTING
Jan  2 23:00:04 archana-Latitude-5490 NetworkManager[923]: <info>  [1767375004.2057] device (wlp2s0): state change: prepare -> config (reason 'none', sys-iface-state: 'managed')
Jan  2 23:00:04 archana-Latitude-5490 NetworkManager[923]: <info>  [1767375004.2059] device (wlp2s0): Activation: (wifi) access point 'Sandhya' has security, but secrets are required.
Jan  2 23:00:04 archana-Latitude-5490 NetworkManager[923]: <info>  [1767375004.2059] device (wlp2s0): state change: config -> need-auth (reason 'none', sys-iface-state: 'managed')
Jan  2 23:00:04 archana-Latitude-5490 NetworkManager[923]: <info>  [1767375004.2109] device (wlp2s0): state change: need-auth -> prepare (reason 'none', sys-iface-state: 'managed')
Jan  2 23:00:04 archana-Latitude-5490 NetworkManager[923]: <info>  [1767375004.2113] device (wlp2s0): state change: prepare -> config (reason 'none', sys-iface-state: 'managed')
Jan  2 23:00:04 archana-Latitude-5490 NetworkManager[923]: <info>  [1767375004.2116] device (wlp2s0): Activation: (wifi) connection 'Sandhya' has security, and secrets exist.  No new secrets needed.
Jan  2 23:00:04 archana-Latitude-5490 NetworkManager[923]: <info>  [1767375004.2116] Config: added 'ssid' value 'Sandhya'
Jan  2 23:00:04 archana-Latitude-5490 NetworkManager[923]: <info>  [1767375004.2116] Config: added 'scan_ssid' value '1'
Jan  2 23:00:04 archana-Latitude-5490 NetworkManager[923]: <info>  [1767375004.2116] Config: added 'bgscan' value 'simple:30:-80:86400'
Jan  2 23:00:04 archana-Latitude-5490 NetworkManager[923]: <info>  [1767375004.2117] Config: added 'key_mgmt' value 'WPA-PSK'
Jan  2 23:00:04 archana-Latitude-5490 NetworkManager[923]: <info>  [1767375004.2117] Config: added 'auth_alg' value 'OPEN'
Jan  2 23:00:04 archana-Latitude-5490 NetworkManager[923]: <info>  [1767375004.2117] Config: added 'psk' value '<hidden>'
Jan  2 23:00:04 archana-Latitude-5490 wpa_supplicant[924]: wlp2s0: SME: Trying to authenticate with be:2f:ab:53:51:e1 (SSID='Sandhya' freq=2437 MHz)
Jan  2 23:00:04 archana-Latitude-5490 kernel: [50647.005833] wlp2s0: authenticate with be:2f:ab:53:51:e1
Jan  2 23:00:04 archana-Latitude-5490 NetworkManager[923]: <info>  [1767375004.2280] device (wlp2s0): supplicant interface state: ready -> authenticating
Jan  2 23:00:04 archana-Latitude-5490 kernel: [50647.013423] wlp2s0: send auth to be:2f:ab:53:51:e1 (try 1/3)
Jan  2 23:00:04 archana-Latitude-5490 wpa_supplicant[924]: wlp2s0: Trying to associate with be:2f:ab:53:51:e1 (SSID='Sandhya' freq=2437 MHz)
Jan  2 23:00:04 archana-Latitude-5490 kernel: [50647.022421] wlp2s0: authenticated
Jan  2 23:00:04 archana-Latitude-5490 kernel: [50647.025323] wlp2s0: associate with be:2f:ab:53:51:e1 (try 1/3)
Jan  2 23:00:04 archana-Latitude-5490 NetworkManager[923]: <info>  [1767375004.2423] device (wlp2s0): supplicant interface state: authenticating -> associating
Jan  2 23:00:04 archana-Latitude-5490 kernel: [50647.031476] wlp2s0: RX AssocResp from be:2f:ab:53:51:e1 (capab=0x411 status=0 aid=1)
Jan  2 23:00:04 archana-Latitude-5490 wpa_supplicant[924]: wlp2s0: Associated with be:2f:ab:53:51:e1
Jan  2 23:00:04 archana-Latitude-5490 wpa_supplicant[924]: wlp2s0: CTRL-EVENT-SUBNET-STATUS-UPDATE status=0
Jan  2 23:00:04 archana-Latitude-5490 kernel: [50647.035734] wlp2s0: associated
Jan  2 23:00:04 archana-Latitude-5490 NetworkManager[923]: <info>  [1767375004.2559] device (wlp2s0): supplicant interface state: associating -> associated
Jan  2 23:00:04 archana-Latitude-5490 NetworkManager[923]: <info>  [1767375004.2735] device (wlp2s0): supplicant interface state: associated -> 4-way handshake
Jan  2 23:00:04 archana-Latitude-5490 wpa_supplicant[924]: wlp2s0: WPA: Key negotiation completed with be:2f:ab:53:51:e1 [PTK=CCMP GTK=CCMP]
Jan  2 23:00:04 archana-Latitude-5490 wpa_supplicant[924]: wlp2s0: CTRL-EVENT-CONNECTED - Connection to be:2f:ab:53:51:e1 completed [id=0 id_str=]
Jan  2 23:00:04 archana-Latitude-5490 kernel: [50647.063961] IPv6: ADDRCONF(NETDEV_CHANGE): wlp2s0: link becomes ready
Jan  2 23:00:04 archana-Latitude-5490 NetworkManager[923]: <info>  [1767375004.2862] device (wlp2s0): supplicant interface state: 4-way handshake -> completed
Jan  2 23:00:04 archana-Latitude-5490 wpa_supplicant[924]: wlp2s0: CTRL-EVENT-SIGNAL-CHANGE above=1 signal=-28 noise=9999 txrate=1000
Jan  2 23:00:04 archana-Latitude-5490 NetworkManager[923]: <info>  [1767375004.2863] device (wlp2s0): Activation: (wifi) Stage 2 of 5 (Device Configure) successful.  Connected to wireless network 'Sandhya'.
Jan  2 23:00:04 archana-Latitude-5490 NetworkManager[923]: <info>  [1767375004.2866] device (wlp2s0): state change: config -> ip-config (reason 'none', sys-iface-state: 'managed')
Jan  2 23:00:04 archana-Latitude-5490 NetworkManager[923]: <info>  [1767375004.2878] dhcp4 (wlp2s0): activation: beginning transaction (timeout in 45 seconds)
Jan  2 23:00:04 archana-Latitude-5490 NetworkManager[923]: <info>  [1767375004.2926] dhcp4 (wlp2s0): dhclient started with pid 31517
Jan  2 23:00:04 archana-Latitude-5490 avahi-daemon[946]: Joining mDNS multicast group on interface wlp2s0.IPv6 with address fe80::27e2:7eab:c126:ff81.
Jan  2 23:00:04 archana-Latitude-5490 avahi-daemon[946]: New relevant interface wlp2s0.IPv6 for mDNS.
Jan  2 23:00:04 archana-Latitude-5490 avahi-daemon[946]: Registering new address record for fe80::27e2:7eab:c126:ff81 on wlp2s0.*.
Jan  2 23:00:04 archana-Latitude-5490 dhclient[31517]: DHCPDISCOVER on wlp2s0 to 255.255.255.255 port 67 interval 3 (xid=0x4db8502f)
Jan  2 23:00:04 archana-Latitude-5490 dhclient[31517]: DHCPREQUEST of 192.168.198.55 on wlp2s0 to 255.255.255.255 port 67 (xid=0x2f50b84d)
Jan  2 23:00:04 archana-Latitude-5490 dhclient[31517]: DHCPOFFER of 192.168.198.55 from 192.168.198.115
Jan  2 23:00:04 archana-Latitude-5490 dhclient[31517]: DHCPACK of 192.168.198.55 from 192.168.198.115
Jan  2 23:00:04 archana-Latitude-5490 NetworkManager[923]: <info>  [1767375004.4210] dhcp4 (wlp2s0):   address 192.168.198.55
Jan  2 23:00:04 archana-Latitude-5490 NetworkManager[923]: <info>  [1767375004.4212] dhcp4 (wlp2s0):   plen 24 (255.255.255.0)
Jan  2 23:00:04 archana-Latitude-5490 NetworkManager[923]: <info>  [1767375004.4213] dhcp4 (wlp2s0):   gateway 192.168.198.115
Jan  2 23:00:04 archana-Latitude-5490 NetworkManager[923]: <info>  [1767375004.4214] dhcp4 (wlp2s0):   lease time 3599
Jan  2 23:00:04 archana-Latitude-5490 NetworkManager[923]: <info>  [1767375004.4214] dhcp4 (wlp2s0):   hostname 'archana-Latitude-5490'
Jan  2 23:00:04 archana-Latitude-5490 NetworkManager[923]: <info>  [1767375004.4215] dhcp4 (wlp2s0):   nameserver '192.168.198.115'
Jan  2 23:00:04 archana-Latitude-5490 NetworkManager[923]: <info>  [1767375004.4215] dhcp4 (wlp2s0): state changed unknown -> bound
Jan  2 23:00:04 archana-Latitude-5490 avahi-daemon[946]: Joining mDNS multicast group on interface wlp2s0.IPv4 with address 192.168.198.55.
Jan  2 23:00:04 archana-Latitude-5490 dhclient[31517]: bound to 192.168.198.55 -- renewal in 1632 seconds.
Jan  2 23:00:04 archana-Latitude-5490 avahi-daemon[946]: New relevant interface wlp2s0.IPv4 for mDNS.
Jan  2 23:00:04 archana-Latitude-5490 avahi-daemon[946]: Registering new address record for 192.168.198.55 on wlp2s0.IPv4.
Jan  2 23:00:04 archana-Latitude-5490 NetworkManager[923]: <info>  [1767375004.4413] device (wlp2s0): state change: ip-config -> ip-check (reason 'none', sys-iface-state: 'managed')
Jan  2 23:00:04 archana-Latitude-5490 NetworkManager[923]: <info>  [1767375004.4425] device (wlp2s0): state change: ip-check -> secondaries (reason 'none', sys-iface-state: 'managed')
Jan  2 23:00:04 archana-Latitude-5490 NetworkManager[923]: <info>  [1767375004.4430] device (wlp2s0): state change: secondaries -> activated (reason 'none', sys-iface-state: 'managed')
Jan  2 23:00:04 archana-Latitude-5490 NetworkManager[923]: <info>  [1767375004.4435] manager: NetworkManager state is now CONNECTED_LOCAL
Jan  2 23:00:04 archana-Latitude-5490 NetworkManager[923]: <info>  [1767375004.4484] manager: NetworkManager state is now CONNECTED_SITE
Jan  2 23:00:04 archana-Latitude-5490 NetworkManager[923]: <info>  [1767375004.4487] policy: set 'Sandhya' (wlp2s0) as default for IPv4 routing and DNS
Jan  2 23:00:04 archana-Latitude-5490 NetworkManager[923]: <info>  [1767375004.4499] device (wlp2s0): Activation: successful, device activated.
Jan  2 23:00:04 archana-Latitude-5490 dbus-daemon[919]: [system] Activating via systemd: service name='org.freedesktop.nm_dispatcher' unit='dbus-org.freedesktop.nm-dispatcher.service' requested by ':1.12' (uid=0 pid=923 comm="/usr/sbin/NetworkManager --no-daemon " label="unconfined")
Jan  2 23:00:04 archana-Latitude-5490 systemd[1]: Starting Network Manager Script Dispatcher Service...
Jan  2 23:00:04 archana-Latitude-5490 gsd-sharing[3083]: Failed to StopUnit service: GDBus.Error:org.freedesktop.systemd1.NoSuchUnit: Unit gnome-user-share-webdav.service not loaded.
Jan  2 23:00:04 archana-Latitude-5490 gsd-sharing[3083]: Failed to StopUnit service: GDBus.Error:org.freedesktop.systemd1.NoSuchUnit: Unit rygel.service not loaded.
Jan  2 23:00:04 archana-Latitude-5490 gsd-sharing[3083]: Failed to StopUnit service: GDBus.Error:org.freedesktop.systemd1.NoSuchUnit: Unit gnome-remote-desktop.service not loaded.
Jan  2 23:00:04 archana-Latitude-5490 dbus-daemon[919]: [system] Successfully activated service 'org.freedesktop.nm_dispatcher'
Jan  2 23:00:04 archana-Latitude-5490 systemd[1]: Started Network Manager Script Dispatcher Service.
Jan  2 23:00:04 archana-Latitude-5490 nm-dispatcher: req:1 'up' [wlp2s0]: new request (1 scripts)
Jan  2 23:00:04 archana-Latitude-5490 nm-dispatcher: req:1 'up' [wlp2s0]: start running ordered scripts...
Jan  2 23:00:05 archana-Latitude-5490 avahi-daemon[946]: Leaving mDNS multicast group on interface wlp2s0.IPv6 with address fe80::27e2:7eab:c126:ff81.
Jan  2 23:00:05 archana-Latitude-5490 avahi-daemon[946]: Joining mDNS multicast group on interface wlp2s0.IPv6 with address 2401:4900:58ce:2820:f07b:4fbd:8b3:efec.
Jan  2 23:00:05 archana-Latitude-5490 avahi-daemon[946]: Registering new address record for 2401:4900:58ce:2820:f07b:4fbd:8b3:efec on wlp2s0.*.
Jan  2 23:00:05 archana-Latitude-5490 avahi-daemon[946]: Withdrawing address record for fe80::27e2:7eab:c126:ff81 on wlp2s0.
Jan  2 23:00:05 archana-Latitude-5490 NetworkManager[923]: <info>  [1767375005.9157] policy: set 'Sandhya' (wlp2s0) as default for IPv6 routing and DNS
Jan  2 23:00:05 archana-Latitude-5490 org.gnome.Shell.desktop[2768]: [3397:3452:0102/230005.918406:ERROR:components/sync/engine/get_updates_processor.cc:270] PostClientToServerMessage() failed during GetUpdates with error Network error (ERR_NETWORK_CHANGED)
Jan  2 23:00:06 archana-Latitude-5490 NetworkManager[923]: <info>  [1767375006.4691] manager: NetworkManager state is now CONNECTED_GLOBAL
Jan  2 23:00:06 archana-Latitude-5490 nm-dispatcher: req:2 'connectivity-change': new request (1 scripts)
Jan  2 23:00:06 archana-Latitude-5490 nm-dispatcher: req:2 'connectivity-change': start running ordered scripts...
Jan  2 23:00:07 archana-Latitude-5490 avahi-daemon[946]: Registering new address record for 2401:4900:58ce:2820:6431:72f4:3dad:c655 on wlp2s0.*.
Jan  2 23:00:09 archana-Latitude-5490 systemd-resolved[773]: Using degraded feature set (UDP) for DNS server 192.168.198.115.
Jan  2 23:00:09 archana-Latitude-5490 whoopsie[1947]: [23:00:09] The default IPv4 route is: /org/freedesktop/NetworkManager/ActiveConnection/13
Jan  2 23:00:09 archana-Latitude-5490 whoopsie[1947]: [23:00:09] Not a paid data plan: /org/freedesktop/NetworkManager/ActiveConnection/13
Jan  2 23:00:09 archana-Latitude-5490 whoopsie[1947]: [23:00:09] Found usable connection: /org/freedesktop/NetworkManager/ActiveConnection/13
Jan  2 23:00:09 archana-Latitude-5490 whoopsie[1947]: [23:00:09] online
Jan  2 23:01:37 archana-Latitude-5490 systemd-resolved[773]: Using degraded feature set (UDP) for DNS server 2401:4900:58ce:2820::6e.
Jan  2 23:03:27 archana-Latitude-5490 org.gnome.Shell.desktop[2768]: [3463:3468:0102/230327.516269:ERROR:net/socket/ssl_client_socket_impl.cc:916] handshake failed; returned -1, SSL error code 1, net_error -101
Jan  2 23:08:46 archana-Latitude-5490 systemd-resolved[773]: Grace period over, resuming full feature set (UDP+EDNS0) for DNS server 2401:4900:58ce:2820::6e.
Jan  2 23:08:47 archana-Latitude-5490 systemd-resolved[773]: Using degraded feature set (UDP) for DNS server 2401:4900:58ce:2820::6e.
Jan  2 23:09:01 archana-Latitude-5490 CRON[32186]: (root) CMD (  [ -x /usr/lib/php/sessionclean ] && if [ ! -d /run/systemd/system ]; then /usr/lib/php/sessionclean; fi)
Jan  2 23:09:03 archana-Latitude-5490 systemd[1]: Starting Clean php session files...
Jan  2 23:09:03 archana-Latitude-5490 systemd[1]: Started Clean php session files.
Jan  2 23:12:20 archana-Latitude-5490 org.gnome.Shell.desktop[2768]: [3463:3468:0102/231220.370817:ERROR:net/socket/ssl_client_socket_impl.cc:916] handshake failed; returned -1, SSL error code 1, net_error -101
Jan  2 23:12:49 archana-Latitude-5490 org.gnome.Shell.desktop[2768]: Gtk-Message: 23:12:49.654: GtkDialog mapped without a transient parent. This is discouraged.
Jan  2 23:12:49 archana-Latitude-5490 dbus-daemon[919]: [system] Activating via systemd: service name='org.freedesktop.hostname1' unit='dbus-org.freedesktop.hostname1.service' requested by ':1.233' (uid=1000 pid=3397 comm="/opt/google/chrome/chrome " label="unconfined")
Jan  2 23:12:49 archana-Latitude-5490 systemd[1]: Starting Hostname Service...
Jan  2 23:12:49 archana-Latitude-5490 dbus-daemon[919]: [system] Successfully activated service 'org.freedesktop.hostname1'
Jan  2 23:12:49 archana-Latitude-5490 systemd[1]: Started Hostname Service.
Jan  2 23:13:34 archana-Latitude-5490 wpa_supplicant[924]: wlp2s0: CTRL-EVENT-SIGNAL-CHANGE above=1 signal=-19 noise=9999 txrate=72200
Jan  2 23:14:36 archana-Latitude-5490 org.gnome.Shell.desktop[2768]: [0102/231436.160677:ERROR:third_party/crashpad/crashpad/util/file/file_io_posix.cc:153] open /home/archana/.config/google-chrome/Crash Reports/pending/d278c32e-e9ed-4e91-86e5-2c2ccef185d7.lock: File exists (17)
Jan  2 23:17:01 archana-Latitude-5490 CRON[32569]: (root) CMD (   cd / && run-parts --report /etc/cron.hourly)
Jan  2 23:27:16 archana-Latitude-5490 dhclient[31517]: DHCPREQUEST of 192.168.198.55 on wlp2s0 to 192.168.198.115 port 67 (xid=0x2f50b84d)
Jan  2 23:27:16 archana-Latitude-5490 dhclient[31517]: DHCPACK of 192.168.198.55 from 192.168.198.115
Jan  2 23:27:16 archana-Latitude-5490 NetworkManager[923]: <info>  [1767376636.5187] dhcp4 (wlp2s0):   address 192.168.198.55
Jan  2 23:27:16 archana-Latitude-5490 NetworkManager[923]: <info>  [1767376636.5187] dhcp4 (wlp2s0):   plen 24 (255.255.255.0)
Jan  2 23:27:16 archana-Latitude-5490 dbus-daemon[919]: [system] Activating via systemd: service name='org.freedesktop.nm_dispatcher' unit='dbus-org.freedesktop.nm-dispatcher.service' requested by ':1.12' (uid=0 pid=923 comm="/usr/sbin/NetworkManager --no-daemon " label="unconfined")
Jan  2 23:27:16 archana-Latitude-5490 NetworkManager[923]: <info>  [1767376636.5187] dhcp4 (wlp2s0):   gateway 192.168.198.115
Jan  2 23:27:16 archana-Latitude-5490 NetworkManager[923]: <info>  [1767376636.5188] dhcp4 (wlp2s0):   lease time 3599
Jan  2 23:27:16 archana-Latitude-5490 NetworkManager[923]: <info>  [1767376636.5188] dhcp4 (wlp2s0):   hostname 'archana-Latitude-5490'
Jan  2 23:27:16 archana-Latitude-5490 dhclient[31517]: bound to 192.168.198.55 -- renewal in 1702 seconds.
Jan  2 23:27:16 archana-Latitude-5490 NetworkManager[923]: <info>  [1767376636.5188] dhcp4 (wlp2s0):   nameserver '192.168.198.115'
Jan  2 23:27:16 archana-Latitude-5490 NetworkManager[923]: <info>  [1767376636.5188] dhcp4 (wlp2s0): state changed bound -> bound
Jan  2 23:27:16 archana-Latitude-5490 systemd[1]: Starting Network Manager Script Dispatcher Service...
Jan  2 23:27:16 archana-Latitude-5490 dbus-daemon[919]: [system] Successfully activated service 'org.freedesktop.nm_dispatcher'
Jan  2 23:27:16 archana-Latitude-5490 systemd[1]: Started Network Manager Script Dispatcher Service.
Jan  2 23:27:16 archana-Latitude-5490 nm-dispatcher: req:1 'dhcp4-change' [wlp2s0]: new request (1 scripts)
Jan  2 23:27:16 archana-Latitude-5490 nm-dispatcher: req:1 'dhcp4-change' [wlp2s0]: start running ordered scripts...
Jan  2 23:29:36 archana-Latitude-5490 org.gnome.Shell.desktop[2768]: [0102/232936.161431:ERROR:third_party/crashpad/crashpad/util/file/file_io_posix.cc:153] open /home/archana/.config/google-chrome/Crash Reports/pending/d278c32e-e9ed-4e91-86e5-2c2ccef185d7.lock: File exists (17)
Jan  2 23:33:45 archana-Latitude-5490 systemd-resolved[773]: Grace period over, resuming full feature set (UDP+EDNS0) for DNS server 192.168.198.115.
Jan  2 23:33:45 archana-Latitude-5490 systemd-resolved[773]: Using degraded feature set (UDP) for DNS server 192.168.198.115.
Jan  2 23:33:46 archana-Latitude-5490 systemd-timesyncd[770]: Synchronized to time server [2620:2d:4000:1::41]:123 (ntp.ubuntu.com).
Jan  2 23:39:01 archana-Latitude-5490 CRON[640]: (root) CMD (  [ -x /usr/lib/php/sessionclean ] && if [ ! -d /run/systemd/system ]; then /usr/lib/php/sessionclean; fi)
Jan  2 23:39:09 archana-Latitude-5490 systemd[1]: Starting Clean php session files...
Jan  2 23:39:09 archana-Latitude-5490 systemd[1]: Started Clean php session files.
Jan  2 23:44:36 archana-Latitude-5490 org.gnome.Shell.desktop[2768]: [0102/234436.162151:ERROR:third_party/crashpad/crashpad/util/file/file_io_posix.cc:153] open /home/archana/.config/google-chrome/Crash Reports/pending/d278c32e-e9ed-4e91-86e5-2c2ccef185d7.lock: File exists (17)
Jan  2 23:55:39 archana-Latitude-5490 dhclient[31517]: DHCPREQUEST of 192.168.198.55 on wlp2s0 to 192.168.198.115 port 67 (xid=0x2f50b84d)
Jan  2 23:55:39 archana-Latitude-5490 dhclient[31517]: DHCPACK of 192.168.198.55 from 192.168.198.115
Jan  2 23:55:39 archana-Latitude-5490 NetworkManager[923]: <info>  [1767378339.1370] dhcp4 (wlp2s0):   address 192.168.198.55
Jan  2 23:55:39 archana-Latitude-5490 NetworkManager[923]: <info>  [1767378339.1370] dhcp4 (wlp2s0):   plen 24 (255.255.255.0)
Jan  2 23:55:39 archana-Latitude-5490 NetworkManager[923]: <info>  [1767378339.1371] dhcp4 (wlp2s0):   gateway 192.168.198.115
Jan  2 23:55:39 archana-Latitude-5490 dbus-daemon[919]: [system] Activating via systemd: service name='org.freedesktop.nm_dispatcher' unit='dbus-org.freedesktop.nm-dispatcher.service' requested by ':1.12' (uid=0 pid=923 comm="/usr/sbin/NetworkManager --no-daemon " label="unconfined")
Jan  2 23:55:39 archana-Latitude-5490 NetworkManager[923]: <info>  [1767378339.1371] dhcp4 (wlp2s0):   lease time 3599
Jan  2 23:55:39 archana-Latitude-5490 NetworkManager[923]: <info>  [1767378339.1371] dhcp4 (wlp2s0):   hostname 'archana-Latitude-5490'
Jan  2 23:55:39 archana-Latitude-5490 dhclient[31517]: bound to 192.168.198.55 -- renewal in 1748 seconds.
Jan  2 23:55:39 archana-Latitude-5490 NetworkManager[923]: <info>  [1767378339.1371] dhcp4 (wlp2s0):   nameserver '192.168.198.115'
Jan  2 23:55:39 archana-Latitude-5490 NetworkManager[923]: <info>  [1767378339.1372] dhcp4 (wlp2s0): state changed bound -> bound
Jan  2 23:55:39 archana-Latitude-5490 systemd[1]: Starting Network Manager Script Dispatcher Service...
Jan  2 23:55:39 archana-Latitude-5490 dbus-daemon[919]: [system] Successfully activated service 'org.freedesktop.nm_dispatcher'
Jan  2 23:55:39 archana-Latitude-5490 systemd[1]: Started Network Manager Script Dispatcher Service.
Jan  2 23:55:39 archana-Latitude-5490 nm-dispatcher: req:1 'dhcp4-change' [wlp2s0]: new request (1 scripts)
Jan  2 23:55:39 archana-Latitude-5490 nm-dispatcher: req:1 'dhcp4-change' [wlp2s0]: start running ordered scripts...
Jan  2 23:59:36 archana-Latitude-5490 org.gnome.Shell.desktop[2768]: [0102/235936.162531:ERROR:third_party/crashpad/crashpad/util/file/file_io_posix.cc:153] open /home/archana/.config/google-chrome/Crash Reports/pending/d278c32e-e9ed-4e91-86e5-2c2ccef185d7.lock: File exists (17)
Jan  3 00:09:01 archana-Latitude-5490 CRON[1826]: (root) CMD (  [ -x /usr/lib/php/sessionclean ] && if [ ! -d /run/systemd/system ]; then /usr/lib/php/sessionclean; fi)
Jan  3 00:09:09 archana-Latitude-5490 systemd[1]: Starting Clean php session files...
Jan  3 00:09:09 archana-Latitude-5490 systemd[1]: Started Clean php session files.
Jan  3 00:14:36 archana-Latitude-5490 org.gnome.Shell.desktop[2768]: [0103/001436.163214:ERROR:third_party/crashpad/crashpad/util/file/file_io_posix.cc:153] open /home/archana/.config/google-chrome/Crash Reports/pending/d278c32e-e9ed-4e91-86e5-2c2ccef185d7.lock: File exists (17)
Jan  3 00:14:48 archana-Latitude-5490 org.gnome.Shell.desktop[2768]: [3460:3460:0103/001448.232242:ERROR:gpu/command_buffer/service/shared_image/shared_image_manager.cc:397] SharedImageManager::ProduceSkia: Trying to Produce a Skia representation from a non-existent mailbox.
Jan  3 00:16:20 archana-Latitude-5490 snapd[939]: storehelpers.go:916: cannot refresh: snap has no updates available: "bare", "code", "core18", "core20", "core22", "core24", "gnome-3-34-1804", "gnome-3-38-2004", "gnome-42-2204", "gnome-46-2404", "gnome-calculator", "gnome-characters", "gnome-logs", "gnome-system-monitor", "gtk-common-themes", "mesa-2404", "snapd"
Jan  3 00:17:02 archana-Latitude-5490 CRON[2142]: (root) CMD (   cd / && run-parts --report /etc/cron.hourly)
Jan  3 00:24:47 archana-Latitude-5490 dhclient[31517]: DHCPREQUEST of 192.168.198.55 on wlp2s0 to 192.168.198.115 port 67 (xid=0x2f50b84d)
Jan  3 00:24:48 archana-Latitude-5490 dhclient[31517]: DHCPACK of 192.168.198.55 from 192.168.198.115
Jan  3 00:24:48 archana-Latitude-5490 NetworkManager[923]: <info>  [1767380088.4982] dhcp4 (wlp2s0):   address 192.168.198.55
Jan  3 00:24:48 archana-Latitude-5490 NetworkManager[923]: <info>  [1767380088.4983] dhcp4 (wlp2s0):   plen 24 (255.255.255.0)
Jan  3 00:24:48 archana-Latitude-5490 NetworkManager[923]: <info>  [1767380088.4983] dhcp4 (wlp2s0):   gateway 192.168.198.115
Jan  3 00:24:48 archana-Latitude-5490 NetworkManager[923]: <info>  [1767380088.4984] dhcp4 (wlp2s0):   lease time 3599
Jan  3 00:24:48 archana-Latitude-5490 NetworkManager[923]: <info>  [1767380088.4984] dhcp4 (wlp2s0):   hostname 'archana-Latitude-5490'
Jan  3 00:24:48 archana-Latitude-5490 NetworkManager[923]: <info>  [1767380088.4985] dhcp4 (wlp2s0):   nameserver '192.168.198.115'
Jan  3 00:24:48 archana-Latitude-5490 NetworkManager[923]: <info>  [1767380088.4985] dhcp4 (wlp2s0): state changed bound -> bound
Jan  3 00:24:48 archana-Latitude-5490 dbus-daemon[919]: [system] Activating via systemd: service name='org.freedesktop.nm_dispatcher' unit='dbus-org.freedesktop.nm-dispatcher.service' requested by ':1.12' (uid=0 pid=923 comm="/usr/sbin/NetworkManager --no-daemon " label="unconfined")
Jan  3 00:24:48 archana-Latitude-5490 dhclient[31517]: bound to 192.168.198.55 -- renewal in 1674 seconds.
Jan  3 00:24:48 archana-Latitude-5490 systemd[1]: Starting Network Manager Script Dispatcher Service...
Jan  3 00:24:48 archana-Latitude-5490 dbus-daemon[919]: [system] Successfully activated service 'org.freedesktop.nm_dispatcher'
Jan  3 00:24:48 archana-Latitude-5490 systemd[1]: Started Network Manager Script Dispatcher Service.
Jan  3 00:24:48 archana-Latitude-5490 nm-dispatcher: req:1 'dhcp4-change' [wlp2s0]: new request (1 scripts)
Jan  3 00:24:48 archana-Latitude-5490 nm-dispatcher: req:1 'dhcp4-change' [wlp2s0]: start running ordered scripts...
Jan  3 00:29:36 archana-Latitude-5490 org.gnome.Shell.desktop[2768]: [0103/002936.163671:ERROR:third_party/crashpad/crashpad/util/file/file_io_posix.cc:153] open /home/archana/.config/google-chrome/Crash Reports/pending/d278c32e-e9ed-4e91-86e5-2c2ccef185d7.lock: File exists (17)
Jan  3 00:36:52 archana-Latitude-5490 systemd-resolved[773]: Grace period over, resuming full feature set (UDP+EDNS0) for DNS server 192.168.198.115.
Jan  3 00:39:01 archana-Latitude-5490 CRON[2432]: (root) CMD (  [ -x /usr/lib/php/sessionclean ] && if [ ! -d /run/systemd/system ]; then /usr/lib/php/sessionclean; fi)
Jan  3 00:39:09 archana-Latitude-5490 systemd[1]: Starting Clean php session files...
Jan  3 00:39:09 archana-Latitude-5490 systemd[1]: Started Clean php session files.
Jan  3 00:44:05 archana-Latitude-5490 systemd-resolved[773]: Using degraded feature set (UDP) for DNS server 192.168.198.115.
Jan  3 00:44:36 archana-Latitude-5490 org.gnome.Shell.desktop[2768]: [0103/004436.164083:ERROR:third_party/crashpad/crashpad/util/file/file_io_posix.cc:153] open /home/archana/.config/google-chrome/Crash Reports/pending/d278c32e-e9ed-4e91-86e5-2c2ccef185d7.lock: File exists (17)
Jan  3 00:49:33 archana-Latitude-5490 org.gnome.Shell.desktop[2768]: [3397:3442:0103/004933.199714:ERROR:google_apis/gcm/engine/registration_request.cc:292] Registration response error message: DEPRECATED_ENDPOINT
Jan  3 00:50:02 archana-Latitude-5490 org.gnome.Shell.desktop[2768]: [3397:3442:0103/005002.269080:ERROR:google_apis/gcm/engine/registration_request.cc:275] Registration URL fetching failed.
Jan  3 00:50:24 archana-Latitude-5490 org.gnome.Shell.desktop[2768]: [3397:3442:0103/005024.094527:ERROR:google_apis/gcm/engine/registration_request.cc:292] Registration response error message: DEPRECATED_ENDPOINT
Jan  3 00:50:45 archana-Latitude-5490 org.gnome.Shell.desktop[2768]: [3397:3442:0103/005045.357687:ERROR:google_apis/gcm/engine/registration_request.cc:292] Registration response error message: DEPRECATED_ENDPOINT
Jan  3 00:50:51 archana-Latitude-5490 org.gnome.Shell.desktop[2768]: [3397:3442:0103/005051.028908:ERROR:google_apis/gcm/engine/registration_request.cc:292] Registration response error message: DEPRECATED_ENDPOINT
Jan  3 00:51:42 archana-Latitude-5490 org.gnome.Shell.desktop[2768]: [3397:3442:0103/005142.704263:ERROR:google_apis/gcm/engine/registration_request.cc:292] Registration response error message: DEPRECATED_ENDPOINT
Jan  3 00:52:42 archana-Latitude-5490 dhclient[31517]: DHCPREQUEST of 192.168.198.55 on wlp2s0 to 192.168.198.115 port 67 (xid=0x2f50b84d)
Jan  3 00:52:42 archana-Latitude-5490 dhclient[31517]: DHCPACK of 192.168.198.55 from 192.168.198.115
Jan  3 00:52:42 archana-Latitude-5490 NetworkManager[923]: <info>  [1767381762.1352] dhcp4 (wlp2s0):   address 192.168.198.55
Jan  3 00:52:42 archana-Latitude-5490 NetworkManager[923]: <info>  [1767381762.1352] dhcp4 (wlp2s0):   plen 24 (255.255.255.0)
Jan  3 00:52:42 archana-Latitude-5490 NetworkManager[923]: <info>  [1767381762.1352] dhcp4 (wlp2s0):   gateway 192.168.198.115
Jan  3 00:52:42 archana-Latitude-5490 NetworkManager[923]: <info>  [1767381762.1352] dhcp4 (wlp2s0):   lease time 3599
Jan  3 00:52:42 archana-Latitude-5490 NetworkManager[923]: <info>  [1767381762.1353] dhcp4 (wlp2s0):   hostname 'archana-Latitude-5490'
Jan  3 00:52:42 archana-Latitude-5490 NetworkManager[923]: <info>  [1767381762.1353] dhcp4 (wlp2s0):   nameserver '192.168.198.115'
Jan  3 00:52:42 archana-Latitude-5490 NetworkManager[923]: <info>  [1767381762.1353] dhcp4 (wlp2s0): state changed bound -> bound
Jan  3 00:52:42 archana-Latitude-5490 dbus-daemon[919]: [system] Activating via systemd: service name='org.freedesktop.nm_dispatcher' unit='dbus-org.freedesktop.nm-dispatcher.service' requested by ':1.12' (uid=0 pid=923 comm="/usr/sbin/NetworkManager --no-daemon " label="unconfined")
Jan  3 00:52:42 archana-Latitude-5490 dhclient[31517]: bound to 192.168.198.55 -- renewal in 1433 seconds.
Jan  3 00:52:42 archana-Latitude-5490 systemd[1]: Starting Network Manager Script Dispatcher Service...
Jan  3 00:52:42 archana-Latitude-5490 dbus-daemon[919]: [system] Successfully activated service 'org.freedesktop.nm_dispatcher'
Jan  3 00:52:42 archana-Latitude-5490 systemd[1]: Started Network Manager Script Dispatcher Service.
Jan  3 00:52:42 archana-Latitude-5490 nm-dispatcher: req:1 'dhcp4-change' [wlp2s0]: new request (1 scripts)
Jan  3 00:52:42 archana-Latitude-5490 nm-dispatcher: req:1 'dhcp4-change' [wlp2s0]: start running ordered scripts...
Jan  3 00:52:45 archana-Latitude-5490 org.gnome.Shell.desktop[2768]: [3397:3442:0103/005245.445905:ERROR:google_apis/gcm/engine/registration_request.cc:292] Registration response error message: DEPRECATED_ENDPOINT
Jan  3 00:53:36 archana-Latitude-5490 org.gnome.Shell.desktop[2768]: [3397:3442:0103/005336.656596:ERROR:google_apis/gcm/engine/registration_request.cc:292] Registration response error message: DEPRECATED_ENDPOINT
Jan  3 00:55:55 archana-Latitude-5490 org.gnome.Shell.desktop[2768]: [3397:3442:0103/005555.788252:ERROR:google_apis/gcm/engine/registration_request.cc:292] Registration response error message: DEPRECATED_ENDPOINT
Jan  3 00:56:19 archana-Latitude-5490 org.gnome.Shell.desktop[2768]: [3397:3442:0103/005619.118926:ERROR:google_apis/gcm/engine/registration_request.cc:292] Registration response error message: DEPRECATED_ENDPOINT
Jan  3 00:59:36 archana-Latitude-5490 org.gnome.Shell.desktop[2768]: [0103/005936.164472:ERROR:third_party/crashpad/crashpad/util/file/file_io_posix.cc:153] open /home/archana/.config/google-chrome/Crash Reports/pending/d278c32e-e9ed-4e91-86e5-2c2ccef185d7.lock: File exists (17)
Jan  3 01:02:51 archana-Latitude-5490 org.gnome.Shell.desktop[2768]: [3397:3442:0103/010251.302353:ERROR:google_apis/gcm/engine/registration_request.cc:292] Registration response error message: DEPRECATED_ENDPOINT
Jan  3 01:03:07 archana-Latitude-5490 org.gnome.Shell.desktop[2768]: [3397:3442:0103/010307.087723:ERROR:google_apis/gcm/engine/registration_request.cc:292] Registration response error message: DEPRECATED_ENDPOINT
Jan  3 01:09:01 archana-Latitude-5490 CRON[3210]: (root) CMD (  [ -x /usr/lib/php/sessionclean ] && if [ ! -d /run/systemd/system ]; then /usr/lib/php/sessionclean; fi)
Jan  3 01:09:09 archana-Latitude-5490 systemd[1]: Starting Clean php session files...
Jan  3 01:09:09 archana-Latitude-5490 systemd[1]: Started Clean php session files.
Jan  3 01:09:50 archana-Latitude-5490 /usr/lib/gdm3/gdm-x-session[2617]: (EE) event18 - DELL0816:00 044E:120A Touchpad: libinput bug: invalid tap event TAP_EVENT_PALM in state TAP_STATE_TAPPED
Jan  3 01:14:36 archana-Latitude-5490 org.gnome.Shell.desktop[2768]: [0103/011436.165022:ERROR:third_party/crashpad/crashpad/util/file/file_io_posix.cc:153] open /home/archana/.config/google-chrome/Crash Reports/pending/d278c32e-e9ed-4e91-86e5-2c2ccef185d7.lock: File exists (17)
Jan  3 01:16:35 archana-Latitude-5490 dhclient[31517]: DHCPREQUEST of 192.168.198.55 on wlp2s0 to 192.168.198.115 port 67 (xid=0x2f50b84d)
Jan  3 01:16:35 archana-Latitude-5490 dhclient[31517]: DHCPACK of 192.168.198.55 from 192.168.198.115
Jan  3 01:16:35 archana-Latitude-5490 NetworkManager[923]: <info>  [1767383195.6684] dhcp4 (wlp2s0):   address 192.168.198.55
Jan  3 01:16:35 archana-Latitude-5490 NetworkManager[923]: <info>  [1767383195.6684] dhcp4 (wlp2s0):   plen 24 (255.255.255.0)
Jan  3 01:16:35 archana-Latitude-5490 NetworkManager[923]: <info>  [1767383195.6685] dhcp4 (wlp2s0):   gateway 192.168.198.115
Jan  3 01:16:35 archana-Latitude-5490 NetworkManager[923]: <info>  [1767383195.6685] dhcp4 (wlp2s0):   lease time 3599
Jan  3 01:16:35 archana-Latitude-5490 NetworkManager[923]: <info>  [1767383195.6686] dhcp4 (wlp2s0):   hostname 'archana-Latitude-5490'
Jan  3 01:16:35 archana-Latitude-5490 NetworkManager[923]: <info>  [1767383195.6686] dhcp4 (wlp2s0):   nameserver '192.168.198.115'
Jan  3 01:16:35 archana-Latitude-5490 dbus-daemon[919]: [system] Activating via systemd: service name='org.freedesktop.nm_dispatcher' unit='dbus-org.freedesktop.nm-dispatcher.service' requested by ':1.12' (uid=0 pid=923 comm="/usr/sbin/NetworkManager --no-daemon " label="unconfined")
Jan  3 01:16:35 archana-Latitude-5490 NetworkManager[923]: <info>  [1767383195.6686] dhcp4 (wlp2s0): state changed bound -> bound
Jan  3 01:16:35 archana-Latitude-5490 dhclient[31517]: bound to 192.168.198.55 -- renewal in 1743 seconds.
Jan  3 01:16:35 archana-Latitude-5490 systemd[1]: Starting Network Manager Script Dispatcher Service...
Jan  3 01:16:35 archana-Latitude-5490 dbus-daemon[919]: [system] Successfully activated service 'org.freedesktop.nm_dispatcher'
Jan  3 01:16:35 archana-Latitude-5490 systemd[1]: Started Network Manager Script Dispatcher Service.
Jan  3 01:16:35 archana-Latitude-5490 nm-dispatcher: req:1 'dhcp4-change' [wlp2s0]: new request (1 scripts)
Jan  3 01:16:35 archana-Latitude-5490 nm-dispatcher: req:1 'dhcp4-change' [wlp2s0]: start running ordered scripts...
Jan  3 01:17:01 archana-Latitude-5490 CRON[3534]: (root) CMD (   cd / && run-parts --report /etc/cron.hourly)
Jan  3 01:19:21 archana-Latitude-5490 accounts-daemon[933]: Unable to open /etc/shadow: No such file or directory
Jan  3 01:21:04 archana-Latitude-5490 systemd-resolved[773]: Grace period over, resuming full feature set (UDP+EDNS0) for DNS server 2401:4900:58ce:2820::6e.
Jan  3 01:23:54 archana-Latitude-5490 systemd-resolved[773]: Using degraded feature set (UDP) for DNS server 2401:4900:58ce:2820::6e.
Jan  3 01:25:06 archana-Latitude-5490 accounts-daemon[933]: Unable to open /etc/shadow: No such file or directory
Jan  3 01:29:36 archana-Latitude-5490 org.gnome.Shell.desktop[2768]: [0103/012936.165549:ERROR:third_party/crashpad/crashpad/util/file/file_io_posix.cc:153] open /home/archana/.config/google-chrome/Crash Reports/pending/d278c32e-e9ed-4e91-86e5-2c2ccef185d7.lock: File exists (17)
